[backblue.gif]
[fade.gif]
[index.html]
[bus.burulas.com.tr/img/burulasfavicon.ico]
[bus.burulas.com.tr/BusAd/bus_popup_20a94.jpg]
[bus.burulas.com.tr/BusAd/bus_popup_25841.jpg]
[bus.burulas.com.tr/img/bus/bbbuslogo.png]
[bus.burulas.com.tr/img/burulasLogo.png]
[bus.burulas.com.tr/img/mobilCancel.png]
[bus.burulas.com.tr/img/budo/budopassivebtn.png]
[bus.burulas.com.tr/img/bus/bbbusactivebtn.png]
[bus.burulas.com.tr/img/phone@2x.png]
[bus.burulas.com.tr/img/np_questions_670405_000000@2x.png]
[bus.burulas.com.tr/img/np_map_3342791_000000@2x.png]
[bus.burulas.com.tr/img/altArea.png]
[bus.burulas.com.tr/img/fb.png]
[bus.burulas.com.tr/img/twitter.png]
[bus.burulas.com.tr/img/instagram.png]
[bus.burulas.com.tr/img/bbblogo.png]
[bus.burulas.com.tr/img/mobil1.png]
[bus.burulas.com.tr/img/mobil2.png]
[bus.burulas.com.tr/img/googleplay.png]
[bus.burulas.com.tr/img/iosLast.jpg]
[bus.burulas.com.tr/js/bundles/busfooterscripts.mina03c.js]
[bus.burulas.com.tr/js/bundles/bus/indexbus.min371d.js]
[mc.yandex.ru/metrika/tag.js]
[bus.burulas.com.tr/images/bilet.png]
[bus.burulas.com.tr/index.html]
[bus.burulas.com.tr/fonts/fontawesome-webfont3e6e.eot]
[bus.burulas.com.tr/fonts/fontawesome-webfontd41d.eot]
[bus.burulas.com.tr/fonts/fontawesome-webfont3e6e.woff]
[bus.burulas.com.tr/fonts/fontawesome-webfont3e6e.ttf]
[bus.burulas.com.tr/font/Montserrat-SemiBold.ttf]
[bus.burulas.com.tr/font/Montserrat-Light.ttf]
[bus.burulas.com.tr/font/Montserrat-Regular.ttf]
[bus.burulas.com.tr/font/Montserrat-Medium.ttf]
[bus.burulas.com.tr/img/upArea.png]
[bus.burulas.com.tr/img/bus/bushomepaper.jpg]
[bus.burulas.com.tr/css/bundles/headerstylesbus.min3cca.css]
[bus.burulas.com.tr/tr/Bus/Index.html]
[stackpath.bootstrapcdn.com/font-awesome/4.7.0/css/font-awesome.min.css]
[bus.burulas.com.tr/img/bursabuyuksehir.png]
[bus.burulas.com.tr/images/mobilBudo.png]
[bus.burulas.com.tr/images/Gemi.jpg]
[bus.burulas.com.tr/images/mobilBus.png]
[bus.burulas.com.tr/images/flyBus.png]
[bus.burulas.com.tr/images/Otobus.jpg]
[bus.burulas.com.tr/img/budo/budobttnlogo.png]
[bus.burulas.com.tr/images/beyazbudo.png]
[bus.burulas.com.tr/img/bus/busLogo.png]
[bus.burulas.com.tr/images/beyazBus.png]
[bus.burulas.com.tr/lib/jquery/dist/jquery.js]
[bus.burulas.com.tr/js/bootstrap.min.js]
[bus.burulas.com.tr/tr/Home/Index.html]
[bus.burulas.com.tr/tr/Bus.html]
[bus.burulas.com.tr/en/Bus.html]
[bus.burulas.com.tr/img/fiyatListesiIcon.png]
[bus.burulas.com.tr/lib/jquery-ui/jquery-ui.js]
[bus.burulas.com.tr/lib/jquery-ui/datepicker-tr.js]
[bus.burulas.com.tr/js/Busjs/VoyageTimes.js]
[bus.burulas.com.tr/tr/Bus/VoyageTime.html]
[bus.burulas.com.tr/js/busjs/whereismybus15a3.js]
[bus.burulas.com.tr/leaflet/leaflet.js]
[bus.burulas.com.tr/tr/Bus/WhereIsMyBus.html]
[bus.burulas.com.tr/js/Busjs/General.js]
[bus.burulas.com.tr/js/Busjs/Pages.js]
[bus.burulas.com.tr/tr/Bus/TicketPrice.html]
[bus.burulas.com.tr/tr/Bus/CancelledVoyages.html]
[bus.burulas.com.tr/js/PDFJS/pdf.js]
[bus.burulas.com.tr/js/PDFJS/pdf.worker.js]
[bus.burulas.com.tr/js/PDFJS/pf.js]
[bus.burulas.com.tr/js/Busjs/IndexDateTimePicker.js]
[bus.burulas.com.tr/js/Busjs/Tickets803a.js]
[bus.burulas.com.tr/js/moment-with-locales.js]
[bus.burulas.com.tr/js/daterangepicker.js]
[bus.burulas.com.tr/tr/Bus/Tickets.html]
[bus.burulas.com.tr/tr/Bus/AllAnnouncements.html]
[bus.burulas.com.tr/js/Userjs/BusUser4ea7.js]
[bus.burulas.com.tr/tr/Bus/Login.html]
[bus.burulas.com.tr/tr/Bus/Register.html]
[bus.burulas.com.tr/css/bundles/index.minc744.css]
[bus.burulas.com.tr/tr/Bus/CarParkc0e1.html]
[bus.burulas.com.tr/tr/Bus/FrequentlyAskedQuestions.html]
[bus.burulas.com.tr/lib/leaflet/leaflet.js]
[bus.burulas.com.tr/js/Busjs/TicketSalesPoints.js]
[bus.burulas.com.tr/tr/Bus/TicketSalesPoints.html]
[bus.burulas.com.tr/tr/Bus/Campaigns.html]
[bus.burulas.com.tr/tr/Bus/RefundConditions7834.html]
[bus.burulas.com.tr/tr/Bus/Privacypolicy1c04.html]
[bus.burulas.com.tr/tr/Bus/TravellingTerms84e6.html]
[bus.burulas.com.tr/tr/Bus/Kvkkc321.html]
[bus.burulas.com.tr/KVKK Bilgi Talep Formu.html]
[bus.burulas.com.tr/fonts/fontawesome-webfont3e6e.html]
[bus.burulas.com.tr/fonts/fontawesome-webfont3e6e-2.html]
[bus.burulas.com.tr/img/bbbusAlt.html]
[bus.burulas.com.tr/img/girisBg.html]
[stackpath.bootstrapcdn.com/font-awesome/4.7.0/css/font-awesome.min.css]
[bus.burulas.com.tr/css/bootstrap.min.css]
[bus.burulas.com.tr/img/budohomepaper.jpg]
[bus.burulas.com.tr/img/budo/footerBudo.png]
[bus.burulas.com.tr/img/bgHome.jpg]
[bus.burulas.com.tr/css/main2.css]
[bus.burulas.com.tr/css/carousel.css]
[bus.burulas.com.tr/img/Bus/bbbuslogo-2.png]
[bus.burulas.com.tr/img/bus/pasivebudomobil.png]
[bus.burulas.com.tr/img/bus/activebbbusmobil.png]
[bus.burulas.com.tr/img/seferAramaIcon.png]
[bus.burulas.com.tr/js/bundles/mobilbus.minbd70.js]
[bus.burulas.com.tr/BusAd/Bus_popup_25841-2.jpg]
[bus.burulas.com.tr/tr/Bus/mobil.html]
[bus.burulas.com.tr/en/Bus/Index.html]
[bus.burulas.com.tr/en/Home/Index.html]
[bus.burulas.com.tr/en/Bus/VoyageTime.html]
[bus.burulas.com.tr/en/Bus/WhereIsMyBus.html]
[bus.burulas.com.tr/en/Bus/TicketPrice.html]
[bus.burulas.com.tr/en/Bus/CancelledVoyages.html]
[bus.burulas.com.tr/en/Bus/Tickets.html]
[bus.burulas.com.tr/en/Bus/AllAnnouncements.html]
[bus.burulas.com.tr/en/Bus/Login.html]
[bus.burulas.com.tr/en/Bus/Register.html]
[bus.burulas.com.tr/en/Bus/FrequentlyAskedQuestions.html]
[bus.burulas.com.tr/en/Bus/TicketSalesPoints.html]
[bus.burulas.com.tr/en/Bus/Campaigns.html]
[bus.burulas.com.tr/en/Bus/RefundConditions7834.html]
[bus.burulas.com.tr/en/Bus/Privacypolicy1c04.html]
[bus.burulas.com.tr/en/Bus/TravellingTerms84e6.html]
[bus.burulas.com.tr/en/Bus/Kvkkc321.html]
[bus.burulas.com.tr/css/busmain.css]
[bus.burulas.com.tr/lib/jquery-ui/images/ui-icons_444444_256x240.png]
[bus.burulas.com.tr/lib/jquery-ui/images/ui-icons_555555_256x240.png]
[bus.burulas.com.tr/lib/jquery-ui/jquery-ui.css]
[bus.burulas.com.tr/leaflet/images/layers.png]
[bus.burulas.com.tr/leaflet/images/layers-2x.png]
[bus.burulas.com.tr/leaflet/images/marker-icon.png]
[bus.burulas.com.tr/leaflet/leaflet.css]
[bus.burulas.com.tr/css/daterangepicker.css]
[bus.burulas.com.tr/lib/leaflet/images/layers.png]
[bus.burulas.com.tr/lib/leaflet/images/layers-2x.png]
[bus.burulas.com.tr/lib/leaflet/images/marker-icon.png]
[bus.burulas.com.tr/lib/leaflet/leaflet.css]
[bus.burulas.com.tr/css/bundles/mobilbus.min76ef.css]
[bus.burulas.com.tr/lib/jquery-ui/images/ui-icons_ffffff_256x240.html]
[bus.burulas.com.tr/lib/jquery-ui/images/ui-icons_777620_256x240.html]
[bus.burulas.com.tr/lib/jquery-ui/images/ui-icons_cc0000_256x240.html]
[bus.burulas.com.tr/lib/jquery-ui/images/ui-icons_777777_256x240.html]
